ℹ Loading dsVertClient
✖ Skipping dot-dsvert_dp_capsule_source_transport.Rd
  (<file:///Users/david/Documents/GitHub/dsvert-crossowner/dsVertClient/man/dot-dsvert_dp_capsule_source_transport.Rd>)
ℹ It already exists and was not generated by roxygen2.
✖ Skipping ds.vertDPCalibrate.Rd
  (<file:///Users/david/Documents/GitHub/dsvert-crossowner/dsVertClient/man/ds.vertDPCalibrate.Rd>)
ℹ It already exists and was not generated by roxygen2.
✖ Skipping ds.vertDPCount.Rd
  (<file:///Users/david/Documents/GitHub/dsvert-crossowner/dsVertClient/man/ds.vertDPCount.Rd>)
ℹ It already exists and was not generated by roxygen2.
✖ Skipping ds.vertDPContingency.Rd
  (<file:///Users/david/Documents/GitHub/dsvert-crossowner/dsVertClient/man/ds.vertDPContingency.Rd>)
ℹ It already exists and was not generated by roxygen2.
✖ Skipping ds.vertDPMeanVar.Rd
  (<file:///Users/david/Documents/GitHub/dsvert-crossowner/dsVertClient/man/ds.vertDPMeanVar.Rd>)
ℹ It already exists and was not generated by roxygen2.
✖ Skipping ds.vertDPDescribe.Rd
  (<file:///Users/david/Documents/GitHub/dsvert-crossowner/dsVertClient/man/ds.vertDPDescribe.Rd>)
ℹ It already exists and was not generated by roxygen2.
✖ Skipping ds.vertDPSurvival.Rd
  (<file:///Users/david/Documents/GitHub/dsvert-crossowner/dsVertClient/man/ds.vertDPSurvival.Rd>)
ℹ It already exists and was not generated by roxygen2.
✖ Skipping ds.vertDPKaplanMeier.Rd
  (<file:///Users/david/Documents/GitHub/dsvert-crossowner/dsVertClient/man/ds.vertDPKaplanMeier.Rd>)
ℹ It already exists and was not generated by roxygen2.
✖ Skipping ds.vertDPNelsonAalen.Rd
  (<file:///Users/david/Documents/GitHub/dsvert-crossowner/dsVertClient/man/ds.vertDPNelsonAalen.Rd>)
ℹ It already exists and was not generated by roxygen2.
✖ Skipping ds.vertDPCumulativeIncidence.Rd
  (<file:///Users/david/Documents/GitHub/dsvert-crossowner/dsVertClient/man/ds.vertDPCumulativeIncidence.Rd>)
ℹ It already exists and was not generated by roxygen2.
Writing 'ds.vertGLM.Rd'
